// Jest Snapshot v1, https://goo.gl/fbAQLP

exports[`reducers accessTokenPair should handle UPDATE_ACCESS_TOKEN_PAIR 1`] = `undefined`;

exports[`reducers accessTokenPair should handle initial state 1`] = `null`;

exports[`reducers accessTokenPair should handle unknown action type 1`] = `
Object {
  "secret": "TLsqmFkIghY8X5uidkMXRLvIsMKhV1plTxNSwlZeOfYZh",
  "token": "954614948138482765-8rODZ0c2pehDd7J28Ko4bwfspTyE19J",
}
`;
