// Jest Snapshot v1, https://goo.gl/fbAQLP

exports[`reducers userCredentials should handle SET_USER_CREDENTIALS 1`] = `undefined`;

exports[`reducers userCredentials should handle initial state 1`] = `null`;

exports[`reducers userCredentials should handle unknown action type 1`] = `
Object {
  "description": "Internet explorer.",
  "geoEnabled": true,
  "lang": "en",
  "location": "Tokyo, Japan",
  "name": "Jonathon Toon",
  "profileImageURL": "https://pbs.twimg.com/profile_images/960374717726130182/AS3TkK0J_normal.jpg",
  "screenName": "jonathontoon",
  "timeZone": "Pacific Time (US & Canada)",
  "utcOffset": -28800,
}
`;
