// Jest Snapshot v1, https://goo.gl/fbAQLP

exports[`reducers weightedStatus should handle UPDATE_WEIGHTED_STATUS 1`] = `undefined`;

exports[`reducers weightedStatus should handle initial state 1`] = `null`;

exports[`reducers weightedStatus should handle unknown action type 1`] = `
Object {
  "displayRangeEnd": 208,
  "displayRangeStart": 0,
  "permillage": 746,
  "text": "Lorem ipsum dolor sit amet, consectetur adipiscing elit. Nam non nisl facilisis, imperdiet ipsum sed, pretium metus. Class aptent taciti sociosqu ad litora torquent per conubia nostra, per inceptos himenaeos.",
  "valid": true,
  "weightedLength": 209,
}
`;
