// Jest Snapshot v1, https://goo.gl/fbAQLP

exports[`IconButton component should render button 1`] = `
<IconButton__IconButtonStyle
  disabled={false}
  onClick={[MockFunction]}
>
  <IconButton__ImageContainerStyle>
    <Icon
      color="#1da1f2"
      name="settings"
      size={27}
      theme="day"
    />
  </IconButton__ImageContainerStyle>
</IconButton__IconButtonStyle>
`;

exports[`IconButton component should render image inside button 1`] = `null`;
