// Jest Snapshot v1, https://goo.gl/fbAQLP

exports[`RoundedButton component button should contain value 1`] = `"A Button"`;

exports[`RoundedButton component should render 1`] = `
<RoundedButton__RoundedButtonStyle
  className="fullWidth "
  disabled={false}
  onClick={[MockFunction]}
  style={null}
  type="button"
  value="A Button"
>
  A Button
</RoundedButton__RoundedButtonStyle>
`;

exports[`RoundedButton component should render full width button 1`] = `
<RoundedButton__RoundedButtonStyle
  className="fullWidth "
  disabled={false}
  onClick={[MockFunction]}
  style={null}
  type="button"
  value="A Button"
>
  A Button
</RoundedButton__RoundedButtonStyle>
`;
